2026-09-08 01:30:11,052 | INFO    | dockflow.pipeline. | DockFlow-Automator 0.2.1 starting run 1HSG_benchmark
2026-09-08 01:30:11,053 | INFO    | dockflow.pipeline. | pipeline step download: running 
2026-09-08 01:30:11,053 | INFO    | dockflow.downloader. | downloading https://files.rcsb.org/download/1HSG.pdb -> /home/z/my-project/DockFlow-Automator/benchmarks/redocking/results/1HSG_benchmark/raw/1hsg.pdb
2026-09-08 01:30:12,069 | INFO    | dockflow.pipeline. | pipeline step download: done 1HSG
2026-09-08 01:30:12,071 | INFO    | dockflow.pipeline. | pipeline step prepare_receptor: running 
2026-09-08 01:30:12,083 | WARNING | dockflow.preparator. | removed hetero species: 45 MK1. These may be structurally or catalytically required (metals/cofactors); keep them with receptor.keep_resnames or keep_hetero if they belong in the binding site
2026-09-08 01:30:12,273 | INFO    | dockflow.preparator. | receptor prepared: 1686 -> 1836 atoms (engine=openbabel, +1608H) -> receptor.pdbqt
2026-09-08 01:30:12,274 | INFO    | dockflow.pipeline. | pipeline step prepare_receptor: done 1836 atoms
2026-09-08 01:30:12,275 | INFO    | dockflow.pipeline. | pipeline step prepare_ligands: running 
2026-09-08 01:30:12,275 | INFO    | dockflow.downloader. | downloading https://files.rcsb.org/ligands/view/MK1_ideal.sdf -> /home/z/my-project/DockFlow-Automator/benchmarks/redocking/results/1HSG_benchmark/raw/mk1.sdf
2026-09-08 01:30:14,487 | INFO    | dockflow.pipeline. | pipeline step prepare_ligands: done 1 ligand states
2026-09-08 01:30:14,488 | INFO    | dockflow.pipeline. | pipeline step gridbox: running 
2026-09-08 01:30:14,515 | INFO    | dockflow.pipeline. | pipeline step gridbox: done ligand:MK1
2026-09-08 01:30:14,515 | INFO    | dockflow.pipeline. | pipeline step docking: running 
2026-09-08 01:30:14,531 | ERROR   | dockflow.pipeline. | unexpected pipeline failure
Traceback (most recent call last):
  File "/home/z/benchmark-run/dockflow_core/pipeline.py", line 384, in run
    results = self._maybe_run(
              ^^^^^^^^^^^^^^^^
  File "/home/z/benchmark-run/dockflow_core/pipeline.py", line 448, in _maybe_run
    result = method(*args, **kwargs)
             ^^^^^^^^^^^^^^^^^^^^^^^
  File "/home/z/benchmark-run/dockflow_core/pipeline.py", line 1046, in _dock
    results = engine.dock_batch(
              ^^^^^^^^^^^^^^^^^^
  File "/home/z/benchmark-run/dockflow_core/docker_engine.py", line 475, in dock_batch
    _finish(index, _run(index, lig_path, record))
                   ^^^^^^^^^^^^^^^^^^^^^^^^^^^^^
  File "/home/z/benchmark-run/dockflow_core/docker_engine.py", line 454, in _run
    return self.dock(receptor_pdbqt, lig_path, out_path, record)
           ^^^^^^^^^^^^^^^^^^^^^^^^^^^^^^^^^^^^^^^^^^^^^^^^^^^^^
  File "/home/z/benchmark-run/dockflow_core/docker_engine.py", line 382, in dock
    log_text = self._dock_python(receptor, ligand, out, mode)
               ^^^^^^^^^^^^^^^^^^^^^^^^^^^^^^^^^^^^^^^^^^^^^^
  File "/home/z/benchmark-run/dockflow_core/docker_engine.py", line 532, in _dock_python
    vina_obj.set_receptor(str(receptor))
  File "/home/z/my-project/bindings-venv/lib/python3.12/site-packages/vina/vina.py", line 157, in set_receptor
    self._vina.set_receptor(rigid_pdbqt_filename)
  File "/home/z/my-project/bindings-venv/lib/python3.12/site-packages/vina/vina_wrapper.py", line 704, in set_receptor
    return _vina_wrapper.Vina_set_receptor(self, *args)
           ^^^^^^^^^^^^^^^^^^^^^^^^^^^^^^^^^^^^^^^^^^^^
TypeError: 

PDBQT parsing error: Atom type HS is not a valid AutoDock type (atom types are case-sensitive).
 > ATOM   1625  H   CYS A  67
Additional information:
Wrong number or type of arguments for overloaded function 'Vina_set_receptor'.
  Possible C/C++ prototypes are:
    Vina::set_receptor(std::string const &,std::string const &)
    Vina::set_receptor(std::string const &)
    Vina::set_receptor()

2026-09-08 01:30:14,541 | INFO    | dockflow.pipeline. | run 1HSG_benchmark finished in 3.5s (ok=False)
2026-09-08 01:39:25,653 | INFO    | dockflow.pipeline. | DockFlow-Automator 0.2.1 starting run 1HSG_benchmark
2026-09-08 01:39:25,653 | INFO    | dockflow.pipeline. | pipeline step download: running 
2026-09-08 01:39:26,168 | INFO    | dockflow.pipeline. | pipeline step download: done 1HSG
2026-09-08 01:39:26,170 | INFO    | dockflow.pipeline. | pipeline step prepare_receptor: running 
2026-09-08 01:39:26,181 | WARNING | dockflow.preparator. | removed hetero species: 45 MK1. These may be structurally or catalytically required (metals/cofactors); keep them with receptor.keep_resnames or keep_hetero if they belong in the binding site
2026-09-08 01:39:26,373 | INFO    | dockflow.preparator. | receptor prepared: 1686 -> 1836 atoms (engine=openbabel, +1608H) -> receptor.pdbqt
2026-09-08 01:39:26,374 | INFO    | dockflow.pipeline. | pipeline step prepare_receptor: done 1836 atoms
2026-09-08 01:39:26,374 | INFO    | dockflow.pipeline. | pipeline step prepare_ligands: running 
2026-09-08 01:39:28,251 | INFO    | dockflow.pipeline. | pipeline step prepare_ligands: done 1 ligand states
2026-09-08 01:39:28,251 | INFO    | dockflow.pipeline. | pipeline step gridbox: running 
2026-09-08 01:39:28,278 | INFO    | dockflow.pipeline. | pipeline step gridbox: done ligand:MK1
2026-09-08 01:39:28,279 | INFO    | dockflow.pipeline. | pipeline step docking: running 
2026-09-08 01:41:33,720 | INFO    | dockflow.engine. | docked mk1_redock with python backend in 125.4s, best affinity -11.34
2026-09-08 01:41:33,721 | INFO    | dockflow.pipeline. | pipeline step docking: done 1 ligands
2026-09-08 01:41:33,721 | INFO    | dockflow.pipeline. | pipeline step analysis: running 
2026-09-08 01:41:33,874 | INFO    | dockflow.sdf_export. | exported 1 pose(s) to /home/z/my-project/DockFlow-Automator/benchmarks/redocking/results/1HSG_benchmark/docking/mk1_redock_poses.sdf
2026-09-08 01:41:33,874 | INFO    | dockflow.pipeline. | pipeline step analysis: done 
2026-09-08 01:41:33,874 | INFO    | dockflow.pipeline. | pipeline step visualization: skipped disabled in config
2026-09-08 01:41:33,874 | INFO    | dockflow.pipeline. | pipeline step report: running 
2026-09-08 01:41:33,890 | INFO    | dockflow.pipeline. | pipeline step report: done /home/z/my-project/DockFlow-Automator/benchmarks/redocking/results/1HSG_benchmark/report.md
2026-09-08 01:41:33,903 | INFO    | dockflow.pipeline. | run 1HSG_benchmark finished in 128.2s (ok=True)
