2026-09-08 01:33:18,090 | INFO    | dockflow.pipeline. | DockFlow-Automator 0.2.1 starting run 3ERT_benchmark
2026-09-08 01:33:18,090 | INFO    | dockflow.pipeline. | pipeline step download: running 
2026-09-08 01:33:18,090 | INFO    | dockflow.downloader. | downloading https://files.rcsb.org/download/3ERT.pdb -> /home/z/my-project/DockFlow-Automator/benchmarks/redocking/results/3ERT_benchmark/raw/3ert.pdb
2026-09-08 01:33:18,995 | INFO    | dockflow.pipeline. | pipeline step download: done 3ERT
2026-09-08 01:33:18,999 | INFO    | dockflow.pipeline. | pipeline step prepare_receptor: running 
2026-09-08 01:33:19,019 | WARNING | dockflow.preparator. | removed hetero species: 29 OHT. These may be structurally or catalytically required (metals/cofactors); keep them with receptor.keep_resnames or keep_hetero if they belong in the binding site
2026-09-08 01:33:19,288 | INFO    | dockflow.preparator. | receptor prepared: 2070 -> 2326 atoms (engine=openbabel, +1980H) -> receptor.pdbqt
2026-09-08 01:33:19,289 | INFO    | dockflow.pipeline. | pipeline step prepare_receptor: done 2326 atoms
2026-09-08 01:33:19,290 | INFO    | dockflow.pipeline. | pipeline step prepare_ligands: running 
2026-09-08 01:33:19,290 | INFO    | dockflow.downloader. | downloading https://files.rcsb.org/ligands/view/OHT_ideal.sdf -> /home/z/my-project/DockFlow-Automator/benchmarks/redocking/results/3ERT_benchmark/raw/oht.sdf
2026-09-08 01:33:21,328 | INFO    | dockflow.pipeline. | pipeline step prepare_ligands: done 1 ligand states
2026-09-08 01:33:21,328 | INFO    | dockflow.pipeline. | pipeline step gridbox: running 
2026-09-08 01:33:21,360 | INFO    | dockflow.pipeline. | pipeline step gridbox: done ligand:OHT
2026-09-08 01:33:21,361 | INFO    | dockflow.pipeline. | pipeline step docking: running 
2026-09-08 01:33:21,375 | ERROR   | dockflow.pipeline. | unexpected pipeline failure
Traceback (most recent call last):
  File "/home/z/benchmark-run/dockflow_core/pipeline.py", line 384, in run
    results = self._maybe_run(
              ^^^^^^^^^^^^^^^^
  File "/home/z/benchmark-run/dockflow_core/pipeline.py", line 448, in _maybe_run
    result = method(*args, **kwargs)
             ^^^^^^^^^^^^^^^^^^^^^^^
  File "/home/z/benchmark-run/dockflow_core/pipeline.py", line 1046, in _dock
    results = engine.dock_batch(
              ^^^^^^^^^^^^^^^^^^
  File "/home/z/benchmark-run/dockflow_core/docker_engine.py", line 475, in dock_batch
    _finish(index, _run(index, lig_path, record))
                   ^^^^^^^^^^^^^^^^^^^^^^^^^^^^^
  File "/home/z/benchmark-run/dockflow_core/docker_engine.py", line 454, in _run
    return self.dock(receptor_pdbqt, lig_path, out_path, record)
           ^^^^^^^^^^^^^^^^^^^^^^^^^^^^^^^^^^^^^^^^^^^^^^^^^^^^^
  File "/home/z/benchmark-run/dockflow_core/docker_engine.py", line 382, in dock
    log_text = self._dock_python(receptor, ligand, out, mode)
               ^^^^^^^^^^^^^^^^^^^^^^^^^^^^^^^^^^^^^^^^^^^^^^
  File "/home/z/benchmark-run/dockflow_core/docker_engine.py", line 532, in _dock_python
    vina_obj.set_receptor(str(receptor))
  File "/home/z/my-project/bindings-venv/lib/python3.12/site-packages/vina/vina.py", line 157, in set_receptor
    self._vina.set_receptor(rigid_pdbqt_filename)
  File "/home/z/my-project/bindings-venv/lib/python3.12/site-packages/vina/vina_wrapper.py", line 704, in set_receptor
    return _vina_wrapper.Vina_set_receptor(self, *args)
           ^^^^^^^^^^^^^^^^^^^^^^^^^^^^^^^^^^^^^^^^^^^^
TypeError: 

PDBQT parsing error: Atom type HS is not a valid AutoDock type (atom types are case-sensitive).
 > ATOM   2045  H   CYS A 381
Additional information:
Wrong number or type of arguments for overloaded function 'Vina_set_receptor'.
  Possible C/C++ prototypes are:
    Vina::set_receptor(std::string const &,std::string const &)
    Vina::set_receptor(std::string const &)
    Vina::set_receptor()

2026-09-08 01:33:21,385 | INFO    | dockflow.pipeline. | run 3ERT_benchmark finished in 3.3s (ok=False)
2026-09-08 01:52:26,538 | INFO    | dockflow.pipeline. | DockFlow-Automator 0.2.1 starting run 3ERT_benchmark
2026-09-08 01:52:26,538 | INFO    | dockflow.pipeline. | pipeline step download: running 
2026-09-08 01:52:27,085 | INFO    | dockflow.pipeline. | pipeline step download: done 3ERT
2026-09-08 01:52:27,086 | INFO    | dockflow.pipeline. | pipeline step prepare_receptor: running 
2026-09-08 01:52:27,100 | WARNING | dockflow.preparator. | removed hetero species: 29 OHT. These may be structurally or catalytically required (metals/cofactors); keep them with receptor.keep_resnames or keep_hetero if they belong in the binding site
2026-09-08 01:52:27,320 | INFO    | dockflow.preparator. | receptor prepared: 2070 -> 2326 atoms (engine=openbabel, +1980H) -> receptor.pdbqt
2026-09-08 01:52:27,321 | INFO    | dockflow.pipeline. | pipeline step prepare_receptor: done 2326 atoms
2026-09-08 01:52:27,322 | INFO    | dockflow.pipeline. | pipeline step prepare_ligands: running 
2026-09-08 01:52:29,036 | INFO    | dockflow.pipeline. | pipeline step prepare_ligands: done 1 ligand states
2026-09-08 01:52:29,036 | INFO    | dockflow.pipeline. | pipeline step gridbox: running 
2026-09-08 01:52:29,069 | INFO    | dockflow.pipeline. | pipeline step gridbox: done ligand:OHT
2026-09-08 01:52:29,070 | INFO    | dockflow.pipeline. | pipeline step docking: running 
2026-09-08 01:53:03,957 | INFO    | dockflow.engine. | docked oht_redock with python backend in 34.9s, best affinity -9.71
2026-09-08 01:53:03,958 | INFO    | dockflow.pipeline. | pipeline step docking: done 1 ligands
2026-09-08 01:53:03,958 | INFO    | dockflow.pipeline. | pipeline step analysis: running 
2026-09-08 01:53:04,056 | INFO    | dockflow.sdf_export. | exported 1 pose(s) to /home/z/my-project/DockFlow-Automator/benchmarks/redocking/results/3ERT_benchmark/docking/oht_redock_poses.sdf
2026-09-08 01:53:04,057 | INFO    | dockflow.pipeline. | pipeline step analysis: done 
2026-09-08 01:53:04,057 | INFO    | dockflow.pipeline. | pipeline step visualization: skipped disabled in config
2026-09-08 01:53:04,057 | INFO    | dockflow.pipeline. | pipeline step report: running 
2026-09-08 01:53:04,069 | INFO    | dockflow.pipeline. | pipeline step report: done /home/z/my-project/DockFlow-Automator/benchmarks/redocking/results/3ERT_benchmark/report.md
2026-09-08 01:53:04,081 | INFO    | dockflow.pipeline. | run 3ERT_benchmark finished in 37.5s (ok=True)
