2026-09-08 01:31:53,698 | INFO    | dockflow.pipeline. | DockFlow-Automator 0.2.1 starting run 1AZM_benchmark
2026-09-08 01:31:53,699 | INFO    | dockflow.pipeline. | pipeline step download: running 
2026-09-08 01:31:53,699 | INFO    | dockflow.downloader. | downloading https://files.rcsb.org/download/1AZM.pdb -> /home/z/my-project/DockFlow-Automator/benchmarks/redocking/results/1AZM_benchmark/raw/1azm.pdb
2026-09-08 01:31:54,563 | INFO    | dockflow.pipeline. | pipeline step download: done 1AZM
2026-09-08 01:31:54,565 | INFO    | dockflow.pipeline. | pipeline step prepare_receptor: running 
2026-09-08 01:31:54,580 | WARNING | dockflow.preparator. | removed hetero species: 13 AZM, 1 ZN. These may be structurally or catalytically required (metals/cofactors); keep them with receptor.keep_resnames or keep_hetero if they belong in the binding site
2026-09-08 01:31:54,811 | INFO    | dockflow.preparator. | receptor prepared: 2213 -> 2459 atoms (engine=openbabel, +1943H) -> receptor.pdbqt
2026-09-08 01:31:54,812 | INFO    | dockflow.pipeline. | pipeline step prepare_receptor: done 2459 atoms
2026-09-08 01:31:54,812 | INFO    | dockflow.pipeline. | pipeline step prepare_ligands: running 
2026-09-08 01:31:54,813 | INFO    | dockflow.downloader. | downloading https://files.rcsb.org/ligands/view/AZM_ideal.sdf -> /home/z/my-project/DockFlow-Automator/benchmarks/redocking/results/1AZM_benchmark/raw/azm.sdf
2026-09-08 01:31:56,896 | INFO    | dockflow.pipeline. | pipeline step prepare_ligands: done 1 ligand states
2026-09-08 01:31:56,896 | INFO    | dockflow.pipeline. | pipeline step gridbox: running 
2026-09-08 01:31:56,930 | INFO    | dockflow.pipeline. | pipeline step gridbox: done ligand:AZM
2026-09-08 01:31:56,931 | INFO    | dockflow.pipeline. | pipeline step docking: running 
2026-09-08 01:31:56,947 | ERROR   | dockflow.pipeline. | unexpected pipeline failure
Traceback (most recent call last):
  File "/home/z/benchmark-run/dockflow_core/pipeline.py", line 384, in run
    results = self._maybe_run(
              ^^^^^^^^^^^^^^^^
  File "/home/z/benchmark-run/dockflow_core/pipeline.py", line 448, in _maybe_run
    result = method(*args, **kwargs)
             ^^^^^^^^^^^^^^^^^^^^^^^
  File "/home/z/benchmark-run/dockflow_core/pipeline.py", line 1046, in _dock
    results = engine.dock_batch(
              ^^^^^^^^^^^^^^^^^^
  File "/home/z/benchmark-run/dockflow_core/docker_engine.py", line 475, in dock_batch
    _finish(index, _run(index, lig_path, record))
                   ^^^^^^^^^^^^^^^^^^^^^^^^^^^^^
  File "/home/z/benchmark-run/dockflow_core/docker_engine.py", line 454, in _run
    return self.dock(receptor_pdbqt, lig_path, out_path, record)
           ^^^^^^^^^^^^^^^^^^^^^^^^^^^^^^^^^^^^^^^^^^^^^^^^^^^^^
  File "/home/z/benchmark-run/dockflow_core/docker_engine.py", line 382, in dock
    log_text = self._dock_python(receptor, ligand, out, mode)
               ^^^^^^^^^^^^^^^^^^^^^^^^^^^^^^^^^^^^^^^^^^^^^^
  File "/home/z/benchmark-run/dockflow_core/docker_engine.py", line 532, in _dock_python
    vina_obj.set_receptor(str(receptor))
  File "/home/z/my-project/bindings-venv/lib/python3.12/site-packages/vina/vina.py", line 157, in set_receptor
    self._vina.set_receptor(rigid_pdbqt_filename)
  File "/home/z/my-project/bindings-venv/lib/python3.12/site-packages/vina/vina_wrapper.py", line 704, in set_receptor
    return _vina_wrapper.Vina_set_receptor(self, *args)
           ^^^^^^^^^^^^^^^^^^^^^^^^^^^^^^^^^^^^^^^^^^^^
TypeError: 

PDBQT parsing error: Atom type HS is not a valid AutoDock type (atom types are case-sensitive).
 > ATOM   2363  H   CYS A 212
Additional information:
Wrong number or type of arguments for overloaded function 'Vina_set_receptor'.
  Possible C/C++ prototypes are:
    Vina::set_receptor(std::string const &,std::string const &)
    Vina::set_receptor(std::string const &)
    Vina::set_receptor()

2026-09-08 01:31:56,958 | INFO    | dockflow.pipeline. | run 1AZM_benchmark finished in 3.2s (ok=False)
2026-09-08 01:52:05,771 | INFO    | dockflow.pipeline. | DockFlow-Automator 0.2.1 starting run 1AZM_benchmark
2026-09-08 01:52:05,771 | INFO    | dockflow.pipeline. | pipeline step download: running 
2026-09-08 01:52:06,301 | INFO    | dockflow.pipeline. | pipeline step download: done 1AZM
2026-09-08 01:52:06,302 | INFO    | dockflow.pipeline. | pipeline step prepare_receptor: running 
2026-09-08 01:52:06,316 | WARNING | dockflow.preparator. | removed hetero species: 13 AZM, 1 ZN. These may be structurally or catalytically required (metals/cofactors); keep them with receptor.keep_resnames or keep_hetero if they belong in the binding site
2026-09-08 01:52:06,544 | INFO    | dockflow.preparator. | receptor prepared: 2213 -> 2459 atoms (engine=openbabel, +1943H) -> receptor.pdbqt
2026-09-08 01:52:06,545 | INFO    | dockflow.pipeline. | pipeline step prepare_receptor: done 2459 atoms
2026-09-08 01:52:06,545 | INFO    | dockflow.pipeline. | pipeline step prepare_ligands: running 
2026-09-08 01:52:08,213 | INFO    | dockflow.pipeline. | pipeline step prepare_ligands: done 1 ligand states
2026-09-08 01:52:08,213 | INFO    | dockflow.pipeline. | pipeline step gridbox: running 
2026-09-08 01:52:08,247 | INFO    | dockflow.pipeline. | pipeline step gridbox: done ligand:AZM
2026-09-08 01:52:08,247 | INFO    | dockflow.pipeline. | pipeline step docking: running 
2026-09-08 01:52:12,455 | INFO    | dockflow.engine. | docked azm_redock with python backend in 4.2s, best affinity -6.08
2026-09-08 01:52:12,455 | INFO    | dockflow.pipeline. | pipeline step docking: done 1 ligands
2026-09-08 01:52:12,455 | INFO    | dockflow.pipeline. | pipeline step analysis: running 
2026-09-08 01:52:12,530 | INFO    | dockflow.sdf_export. | exported 1 pose(s) to /home/z/my-project/DockFlow-Automator/benchmarks/redocking/results/1AZM_benchmark/docking/azm_redock_poses.sdf
2026-09-08 01:52:12,530 | INFO    | dockflow.pipeline. | pipeline step analysis: done 
2026-09-08 01:52:12,530 | INFO    | dockflow.pipeline. | pipeline step visualization: skipped disabled in config
2026-09-08 01:52:12,531 | INFO    | dockflow.pipeline. | pipeline step report: running 
2026-09-08 01:52:12,542 | INFO    | dockflow.pipeline. | pipeline step report: done /home/z/my-project/DockFlow-Automator/benchmarks/redocking/results/1AZM_benchmark/report.md
2026-09-08 01:52:12,550 | INFO    | dockflow.pipeline. | run 1AZM_benchmark finished in 6.8s (ok=True)
