2026-09-08 01:35:05,900 | INFO    | dockflow.pipeline. | DockFlow-Automator 0.2.1 starting run 1N8Q_benchmark
2026-09-08 01:35:05,900 | INFO    | dockflow.pipeline. | pipeline step download: running 
2026-09-08 01:35:05,901 | INFO    | dockflow.downloader. | downloading https://files.rcsb.org/download/1N8Q.pdb -> /home/z/my-project/DockFlow-Automator/benchmarks/redocking/results/1N8Q_benchmark/raw/1n8q.pdb
2026-09-08 01:35:07,113 | INFO    | dockflow.pipeline. | pipeline step download: done 1N8Q
2026-09-08 01:35:07,115 | INFO    | dockflow.pipeline. | pipeline step prepare_receptor: running 
2026-09-08 01:35:07,160 | WARNING | dockflow.preparator. | removed hetero species: 11 DHB, 1 FE2. These may be structurally or catalytically required (metals/cofactors); keep them with receptor.keep_resnames or keep_hetero if they belong in the binding site
2026-09-08 01:35:07,848 | INFO    | dockflow.preparator. | receptor prepared: 7253 -> 8252 atoms (engine=openbabel, +6707H) -> receptor.pdbqt
2026-09-08 01:35:07,852 | INFO    | dockflow.pipeline. | pipeline step prepare_receptor: done 8252 atoms
2026-09-08 01:35:07,852 | INFO    | dockflow.pipeline. | pipeline step prepare_ligands: running 
2026-09-08 01:35:07,853 | INFO    | dockflow.downloader. | downloading https://files.rcsb.org/ligands/view/DHB_ideal.sdf -> /home/z/my-project/DockFlow-Automator/benchmarks/redocking/results/1N8Q_benchmark/raw/dhb.sdf
2026-09-08 01:35:09,827 | INFO    | dockflow.pipeline. | pipeline step prepare_ligands: done 1 ligand states
2026-09-08 01:35:09,827 | INFO    | dockflow.pipeline. | pipeline step gridbox: running 
2026-09-08 01:35:09,935 | INFO    | dockflow.pipeline. | pipeline step gridbox: done ligand:DHB
2026-09-08 01:35:09,936 | INFO    | dockflow.pipeline. | pipeline step docking: running 
2026-09-08 01:35:09,959 | ERROR   | dockflow.pipeline. | unexpected pipeline failure
Traceback (most recent call last):
  File "/home/z/benchmark-run/dockflow_core/pipeline.py", line 384, in run
    results = self._maybe_run(
              ^^^^^^^^^^^^^^^^
  File "/home/z/benchmark-run/dockflow_core/pipeline.py", line 448, in _maybe_run
    result = method(*args, **kwargs)
             ^^^^^^^^^^^^^^^^^^^^^^^
  File "/home/z/benchmark-run/dockflow_core/pipeline.py", line 1046, in _dock
    results = engine.dock_batch(
              ^^^^^^^^^^^^^^^^^^
  File "/home/z/benchmark-run/dockflow_core/docker_engine.py", line 475, in dock_batch
    _finish(index, _run(index, lig_path, record))
                   ^^^^^^^^^^^^^^^^^^^^^^^^^^^^^
  File "/home/z/benchmark-run/dockflow_core/docker_engine.py", line 454, in _run
    return self.dock(receptor_pdbqt, lig_path, out_path, record)
           ^^^^^^^^^^^^^^^^^^^^^^^^^^^^^^^^^^^^^^^^^^^^^^^^^^^^^
  File "/home/z/benchmark-run/dockflow_core/docker_engine.py", line 382, in dock
    log_text = self._dock_python(receptor, ligand, out, mode)
               ^^^^^^^^^^^^^^^^^^^^^^^^^^^^^^^^^^^^^^^^^^^^^^
  File "/home/z/benchmark-run/dockflow_core/docker_engine.py", line 532, in _dock_python
    vina_obj.set_receptor(str(receptor))
  File "/home/z/my-project/bindings-venv/lib/python3.12/site-packages/vina/vina.py", line 157, in set_receptor
    self._vina.set_receptor(rigid_pdbqt_filename)
  File "/home/z/my-project/bindings-venv/lib/python3.12/site-packages/vina/vina_wrapper.py", line 704, in set_receptor
    return _vina_wrapper.Vina_set_receptor(self, *args)
           ^^^^^^^^^^^^^^^^^^^^^^^^^^^^^^^^^^^^^^^^^^^^
TypeError: 

PDBQT parsing error: Atom type HS is not a valid AutoDock type (atom types are case-sensitive).
 > ATOM   6995  H   CYS A 145
Additional information:
Wrong number or type of arguments for overloaded function 'Vina_set_receptor'.
  Possible C/C++ prototypes are:
    Vina::set_receptor(std::string const &,std::string const &)
    Vina::set_receptor(std::string const &)
    Vina::set_receptor()

2026-09-08 01:35:09,969 | INFO    | dockflow.pipeline. | run 1N8Q_benchmark finished in 4.1s (ok=False)
2026-09-08 01:53:08,709 | INFO    | dockflow.pipeline. | DockFlow-Automator 0.2.1 starting run 1N8Q_benchmark
2026-09-08 01:53:08,709 | INFO    | dockflow.pipeline. | pipeline step download: running 
2026-09-08 01:53:09,269 | INFO    | dockflow.pipeline. | pipeline step download: done 1N8Q
2026-09-08 01:53:09,270 | INFO    | dockflow.pipeline. | pipeline step prepare_receptor: running 
2026-09-08 01:53:09,314 | WARNING | dockflow.preparator. | removed hetero species: 11 DHB, 1 FE2. These may be structurally or catalytically required (metals/cofactors); keep them with receptor.keep_resnames or keep_hetero if they belong in the binding site
2026-09-08 01:53:10,007 | INFO    | dockflow.preparator. | receptor prepared: 7253 -> 8252 atoms (engine=openbabel, +6707H) -> receptor.pdbqt
2026-09-08 01:53:10,011 | INFO    | dockflow.pipeline. | pipeline step prepare_receptor: done 8252 atoms
2026-09-08 01:53:10,012 | INFO    | dockflow.pipeline. | pipeline step prepare_ligands: running 
2026-09-08 01:53:11,717 | INFO    | dockflow.pipeline. | pipeline step prepare_ligands: done 1 ligand states
2026-09-08 01:53:11,717 | INFO    | dockflow.pipeline. | pipeline step gridbox: running 
2026-09-08 01:53:11,825 | INFO    | dockflow.pipeline. | pipeline step gridbox: done ligand:DHB
2026-09-08 01:53:11,826 | INFO    | dockflow.pipeline. | pipeline step docking: running 
2026-09-08 01:53:15,916 | INFO    | dockflow.engine. | docked dhb_redock with python backend in 4.1s, best affinity -5.56
2026-09-08 01:53:15,917 | INFO    | dockflow.pipeline. | pipeline step docking: done 1 ligands
2026-09-08 01:53:15,917 | INFO    | dockflow.pipeline. | pipeline step analysis: running 
2026-09-08 01:53:16,061 | INFO    | dockflow.sdf_export. | exported 1 pose(s) to /home/z/my-project/DockFlow-Automator/benchmarks/redocking/results/1N8Q_benchmark/docking/dhb_redock_poses.sdf
2026-09-08 01:53:16,061 | INFO    | dockflow.pipeline. | pipeline step analysis: done 
2026-09-08 01:53:16,061 | INFO    | dockflow.pipeline. | pipeline step visualization: skipped disabled in config
2026-09-08 01:53:16,061 | INFO    | dockflow.pipeline. | pipeline step report: running 
2026-09-08 01:53:16,072 | INFO    | dockflow.pipeline. | pipeline step report: done /home/z/my-project/DockFlow-Automator/benchmarks/redocking/results/1N8Q_benchmark/report.md
2026-09-08 01:53:16,082 | INFO    | dockflow.pipeline. | run 1N8Q_benchmark finished in 7.4s (ok=True)
